// Jest Snapshot v1, https://goo.gl/fbAQLP

exports[`should match snapshot 1`] = `
<div
  class="container"
>
  <div>
    <h2
      class="title"
    />
  </div>
  <div
    class="table"
  >
    <div
      class="content"
    >
      <span
        aria-label="name"
        class="TableItems"
      >
        test 1
      </span>
      <span
        aria-label="description"
        class="TableItems"
      >
        description 1
      </span>
    </div>
    <div
      class="content"
    >
      <span
        aria-label="name"
        class="TableItems"
      >
        teste 2
      </span>
      <span
        aria-label="description"
        class="TableItems"
      >
        Description 1
      </span>
    </div>
  </div>
</div>
`;
