// Jest Snapshot v1, https://goo.gl/fbAQLP

exports[`Shold math snapshot 1`] = `
<div
  class="classTest box undefined "
>
  <div
    class="title"
  >
    <h1>
      test
    </h1>
  </div>
  <div
    class="boxContent"
  />
</div>
`;
